// Jest Snapshot v1, https://goo.gl/fbAQLP

exports[`Checkbox composite tests should render the composite checkbox 1`] = `
<div
  className="container"
>
  <div
    className="checkbox  additional-margin fieldLabel additionalMargin"
  >
    <input
      checked={false}
      id="undefined-check-box"
      name=""
      onChange={[Function]}
      type="checkbox"
      value=""
    />
    <label
      htmlFor="undefined-check-box"
      name="undefined-label"
    />
    <div
      className="fieldLabel"
    >
      <span
        className="label-text"
      >
        
      </span>
    </div>
  </div>
  <div />
</div>
`;
