// Jest Snapshot v1, https://goo.gl/fbAQLP

exports[`Country option  tests should render the country option 1`] = `
<div
  className="flag-container"
  onMouseDown={[Function]}
  onMouseEnter={[Function]}
  onMouseMove={[Function]}
>
  <span
    className="flag flag-c"
  />
  <span
    className="name"
  >
    v
  </span>
</div>
`;
